// Jest Snapshot v1, https://goo.gl/fbAQLP

exports[`#createRoleEntity should convert to entity 1`] = `
Object {
  "_class": Array [
    "AccessRole",
  ],
  "_key": "zoom_role:sample-id",
  "_rawData": Array [
    Object {
      "name": "default",
      "rawData": Object {
        "description": "sample-description",
        "id": "sample-id",
        "name": "group-name",
        "total_members": 420,
      },
    },
  ],
  "_type": "zoom_role",
  "admin": false,
  "createdOn": undefined,
  "description": "sample-description",
  "displayName": "group-name",
  "id": "sample-id",
  "name": "group-name",
  "totalMembers": 420,
}
`;
