// Jest Snapshot v1, https://goo.gl/fbAQLP

exports[`#createUserEntity should convert to entity 1`] = `
Object {
  "_class": Array [
    "User",
  ],
  "_key": "zoom_user:sample-id",
  "_rawData": Array [
    Object {
      "name": "default",
      "rawData": Object {
        "account_id": "sample-account-id",
        "account_number": 1234,
        "created_at": "2000-01-23T11:23:52Z",
        "dept": "sample-dept",
        "email": "test@email.com",
        "first_name": "John",
        "group_ids": Array [
          "1",
          "2",
        ],
        "host_key": "sample-host-key",
        "id": "sample-id",
        "language": "en-US",
        "last_client_version": "5.7.1.543(win)",
        "last_login_time": "2000-10-24T01:31:01Z",
        "last_name": "Doe",
        "phone_number": "",
        "pic_url": "https://sample.url",
        "pmi": 111,
        "role_id": "0",
        "status": "active",
        "timezone": "",
        "type": 1,
        "verified": 1,
      },
    },
  ],
  "_type": "zoom_user",
  "active": true,
  "createdAt": "2000-01-23T11:23:52Z",
  "createdOn": undefined,
  "dept": "sample-dept",
  "displayName": "John Doe",
  "email": "test@email.com",
  "firstName": "John",
  "groupIds": Array [
    "1",
    "2",
  ],
  "hostKey": "sample-host-key",
  "id": "sample-id",
  "language": "en-US",
  "lastClientVersion": "5.7.1.543(win)",
  "lastLoginTime": "2000-10-24T01:31:01Z",
  "lastName": "Doe",
  "name": "John Doe",
  "phoneNumber": "",
  "picUrl": "https://sample.url",
  "pmi": 111,
  "roleId": "0",
  "status": "active",
  "timezone": "",
  "type": 1,
  "username": "test@email.com",
  "verified": 1,
}
`;
